// Jest Snapshot v1, https://goo.gl/fbAQLP

exports[`forgot password email required validation 1`] = `
Object {
  "feedback": Object {
    "email": Array [
      "A valid email is required.",
    ],
    "password": Array [
      "A valid password is required.",
    ],
  },
  "message": "Validation Error",
}
`;
