// Jest Snapshot v1, https://goo.gl/fbAQLP

exports[`login email required validation 1`] = `
Object {
  "email": Array [
    "A valid email is required.",
  ],
}
`;

exports[`login password required validation 1`] = `
Object {
  "password": Array [
    "A valid password is required.",
  ],
}
`;

exports[`login with invalid credentials 1`] = `
Object {
  "message": "Incorrect email or password",
}
`;
