// Jest Snapshot v1, https://goo.gl/fbAQLP

exports[`Account • Update password 1`] = `
Object {
  "feedback": Object {
    "newPassword": Array [
      "A valid new password is required.",
      "Add another word or two. Uncommon words are better.",
    ],
  },
  "message": "Validation Error",
}
`;

exports[`Account • Update password 2`] = `
Object {
  "message": "Incorrect email or password",
}
`;

exports[`Account • Update password 3`] = `
Object {
  "email": "change_password_test@example.com",
  "emailVerified": true,
  "firstName": "Change Password",
  "id": "password",
  "lastName": "Test",
}
`;
